  50/3000
  100/3000
  150/3000
  200/3000
  250/3000
  300/3000
  350/3000
  400/3000
  450/3000
  500/3000
  550/3000
  600/3000
  650/3000
  700/3000
  750/3000
  800/3000
  850/3000
  900/3000
  950/3000
  1000/3000
  1050/3000
  1100/3000
  1150/3000
  1200/3000
  1250/3000
  1300/3000
  1350/3000
  1400/3000
  1450/3000
  1500/3000
  1550/3000
  1600/3000
  1650/3000
  1700/3000
  1750/3000
  1800/3000
  1850/3000
  1900/3000
  1950/3000
  2000/3000
  2050/3000
  2100/3000
  2150/3000
  2200/3000
  2250/3000
  2300/3000
  2350/3000
  2400/3000
  2450/3000
  2500/3000
  2550/3000
  2600/3000
  2650/3000
  2700/3000
  2750/3000
  2800/3000
  2850/3000
  2900/3000
  2950/3000
  3000/3000

Overall: 34.93%  (1048/3000)
  visual_counting_error             29.7%  (98/330)
  visual_relation_error             43.6%  (144/330)
  depth_3d_perception_error         33.9%  (112/330)
  visual_localization_error         31.2%  (103/330)
  visual_attribute_error            40.0%  (132/330)
  fine_grained_recognition_error    26.2%  (76/290)
  visual_comparison_error           34.4%  (96/279)
  hallucination                     35.8%  (97/271)
  ocr_error                         40.0%  (102/255)
  context_integration_error         34.5%  (88/255)
saved to results/PerceptionBench_deepseek-v4-flash-vision-exp.jsonl
real 8180.86
user 22.98
sys 4.08
